[0m15:06:52.240359 [debug] [MainThread]: Sending event: {'category': 'dbt', 'action': 'invocation', 'label': 'start', 'context': [<snowplow_tracker.self_describing_json.SelfDescribingJson object at 0x0000018AB9AF27B0>, <snowplow_tracker.self_describing_json.SelfDescribingJson object at 0x0000018AB60BF390>, <snowplow_tracker.self_describing_json.SelfDescribingJson object at 0x0000018ABB6C3B10>]}


============================== 15:06:52.253096 | c4ca9cfe-37eb-45de-83b2-c877cd794ffe ==============================
[0m15:06:52.253096 [info ] [MainThread]: Running with dbt=1.11.11
[0m15:06:52.255583 [debug] [MainThread]: running dbt with arguments {'static_parser': 'True', 'no_print': 'None', 'version_check': 'True', 'warn_error_options': 'WarnErrorOptionsV2(error=[], warn=[], silence=[])', 'target_path': 'None', 'printer_width': '80', 'write_json': 'True', 'introspect': 'True', 'log_cache_events': 'False', 'empty': 'None', 'cache_selected_only': 'False', 'fail_fast': 'False', 'debug': 'False', 'log_format': 'default', 'profiles_dir': 'C:\\Users\\User\\.dbt', 'send_anonymous_usage_stats': 'True', 'quiet': 'False', 'warn_error': 'None', 'partial_parse': 'True', 'indirect_selection': 'eager', 'use_colors': 'True', 'invocation_command': 'dbt init ecommerce', 'use_experimental_parser': 'False', 'log_path': 'logs'}
[0m15:06:52.616403 [debug] [MainThread]: Starter project path: C:\Users\User\desktop\proj-e-comm-dbt-bigquery\.venv\Lib\site-packages\dbt\include\starter_project
[0m15:06:52.674887 [info ] [MainThread]: 
Your new dbt project "ecommerce" was created!

For more information on how to configure the profiles.yml file,
please consult the dbt documentation here:

  https://docs.getdbt.com/docs/configure-your-profile

One more thing:

Need help? Don't hesitate to reach out to us via GitHub issues or on Slack:

  https://community.getdbt.com/

Happy modeling!

[0m15:06:52.676093 [info ] [MainThread]: Setting up your profile.
[0m15:08:59.610185 [info ] [MainThread]: Profile ecommerce written to C:\Users\User\.dbt\profiles.yml using target's profile_template.yml and your supplied values. Run 'dbt debug' to validate the connection.
[0m15:08:59.614591 [debug] [MainThread]: Command `dbt init` succeeded at 15:08:59.614193 after 127.67 seconds
[0m15:08:59.615775 [debug] [MainThread]: Sending event: {'category': 'dbt', 'action': 'invocation', 'label': 'end', 'context': [<snowplow_tracker.self_describing_json.SelfDescribingJson object at 0x0000018AC55E49D0>, <snowplow_tracker.self_describing_json.SelfDescribingJson object at 0x0000018AC5633890>, <snowplow_tracker.self_describing_json.SelfDescribingJson object at 0x0000018AC55C9BF0>]}
[0m15:08:59.617072 [debug] [MainThread]: Flushing usage events
[0m15:09:00.796830 [debug] [MainThread]: An error was encountered while trying to flush usage events
[0m15:09:25.050468 [debug] [MainThread]: Sending event: {'category': 'dbt', 'action': 'invocation', 'label': 'start', 'context': [<snowplow_tracker.self_describing_json.SelfDescribingJson object at 0x000001AB1A5E67B0>, <snowplow_tracker.self_describing_json.SelfDescribingJson object at 0x000001AB16BBF390>, <snowplow_tracker.self_describing_json.SelfDescribingJson object at 0x000001AB1C1BFB10>]}


============================== 15:09:25.059380 | 1438ba64-1ebe-48c3-bd50-dc1049a1bc2a ==============================
[0m15:09:25.059380 [info ] [MainThread]: Running with dbt=1.11.11
[0m15:09:25.060640 [debug] [MainThread]: running dbt with arguments {'static_parser': 'True', 'no_print': 'None', 'version_check': 'True', 'warn_error_options': 'WarnErrorOptionsV2(error=[], warn=[], silence=[])', 'target_path': 'None', 'printer_width': '80', 'write_json': 'True', 'introspect': 'True', 'log_cache_events': 'False', 'empty': 'None', 'cache_selected_only': 'False', 'fail_fast': 'False', 'debug': 'False', 'log_format': 'default', 'partial_parse': 'True', 'send_anonymous_usage_stats': 'True', 'quiet': 'False', 'warn_error': 'None', 'profiles_dir': 'C:\\Users\\User\\.dbt', 'invocation_command': 'dbt debug', 'use_colors': 'True', 'indirect_selection': 'eager', 'use_experimental_parser': 'False', 'log_path': 'logs'}
[0m15:09:25.140606 [info ] [MainThread]: dbt version: 1.11.11
[0m15:09:25.141358 [info ] [MainThread]: python version: 3.13.13
[0m15:09:25.142174 [info ] [MainThread]: python path: C:\Users\User\desktop\proj-e-comm-dbt-bigquery\.venv\Scripts\python.exe
[0m15:09:25.142958 [info ] [MainThread]: os info: Windows-10-10.0.19045-SP0
[0m15:09:25.154718 [info ] [MainThread]: Error importing adapter: No module named 'dbt.adapters.databricks'
[0m15:09:27.392736 [info ] [MainThread]: Using profiles dir at C:\Users\User\.dbt
[0m15:09:27.393765 [info ] [MainThread]: Using profiles.yml file at C:\Users\User\.dbt\profiles.yml
[0m15:09:27.395050 [info ] [MainThread]: Using dbt_project.yml file at C:\Users\User\desktop\proj-e-comm-dbt-bigquery\dbt\dbt_project.yml
[0m15:09:27.396741 [info ] [MainThread]: Configuration:
[0m15:09:27.397937 [info ] [MainThread]:   profiles.yml file [[31mERROR invalid[0m]
[0m15:09:27.398807 [info ] [MainThread]:   dbt_project.yml file [[31mERROR not found[0m]
[0m15:09:27.400311 [info ] [MainThread]: Required dependencies:
[0m15:09:27.401692 [debug] [MainThread]: Executing "git --help"
[0m15:09:27.505801 [debug] [MainThread]: STDOUT: "b"usage: git [-v | --version] [-h | --help] [-C <path>] [-c <name>=<value>]\n           [--exec-path[=<path>]] [--html-path] [--man-path] [--info-path]\n           [-p | --paginate | -P | --no-pager] [--no-replace-objects] [--bare]\n           [--git-dir=<path>] [--work-tree=<path>] [--namespace=<name>]\n           [--config-env=<name>=<envvar>] <command> [<args>]\n\nThese are common Git commands used in various situations:\n\nstart a working area (see also: git help tutorial)\n   clone     Clone a repository into a new directory\n   init      Create an empty Git repository or reinitialize an existing one\n\nwork on the current change (see also: git help everyday)\n   add       Add file contents to the index\n   mv        Move or rename a file, a directory, or a symlink\n   restore   Restore working tree files\n   rm        Remove files from the working tree and from the index\n\nexamine the history and state (see also: git help revisions)\n   bisect    Use binary search to find the commit that introduced a bug\n   diff      Show changes between commits, commit and working tree, etc\n   grep      Print lines matching a pattern\n   log       Show commit logs\n   show      Show various types of objects\n   status    Show the working tree status\n\ngrow, mark and tweak your common history\n   branch    List, create, or delete branches\n   commit    Record changes to the repository\n   merge     Join two or more development histories together\n   rebase    Reapply commits on top of another base tip\n   reset     Reset current HEAD to the specified state\n   switch    Switch branches\n   tag       Create, list, delete or verify a tag object signed with GPG\n\ncollaborate (see also: git help workflows)\n   fetch     Download objects and refs from another repository\n   pull      Fetch from and integrate with another repository or a local branch\n   push      Update remote refs along with associated objects\n\n'git help -a' and 'git help -g' list available subcommands and some\nconcept guides. See 'git help <command>' or 'git help <concept>'\nto read about a specific subcommand or concept.\nSee 'git help git' for an overview of the system.\n""
[0m15:09:27.506550 [debug] [MainThread]: STDERR: "b''"
[0m15:09:27.507109 [info ] [MainThread]:  - git [[32mOK found[0m]

[0m15:09:27.507816 [info ] [MainThread]: Connection test skipped since no profile was found
[0m15:09:27.508676 [info ] [MainThread]: [31m2 checks failed:[0m
[0m15:09:27.509510 [info ] [MainThread]: Could not load dbt_project.yml
Profile loading failed for the following reason:
Runtime Error
  Credentials in profile "bruno_dbt_project", target "dev" invalid: Runtime Error
    Could not find adapter type databricks!


[0m15:09:27.510292 [info ] [MainThread]: Project loading failed for the following reason:
 project path <C:\Users\User\desktop\proj-e-comm-dbt-bigquery\dbt\dbt_project.yml> not found

[0m15:09:27.513403 [debug] [MainThread]: Command `dbt debug` failed at 15:09:27.512972 after 2.74 seconds
[0m15:09:27.514943 [debug] [MainThread]: Sending event: {'category': 'dbt', 'action': 'invocation', 'label': 'end', 'context': [<snowplow_tracker.self_describing_json.SelfDescribingJson object at 0x000001AB261AA2C0>, <snowplow_tracker.self_describing_json.SelfDescribingJson object at 0x000001AB260A6570>, <snowplow_tracker.self_describing_json.SelfDescribingJson object at 0x000001AB260C9D00>]}
[0m15:09:27.516269 [debug] [MainThread]: Flushing usage events
[0m15:09:28.607382 [debug] [MainThread]: An error was encountered while trying to flush usage events
